// Jest Snapshot v1, https://goo.gl/fbAQLP

exports[`should render DashboardPage corrctly 1`] = `<div />`;
