// Jest Snapshot v1, https://goo.gl/fbAQLP

exports[`should render Login Page correctly 1`] = `
<div
  className="box-layout"
>
  <div
    className="box-layout__box"
  >
    <h1
      className="box-layout__title"
    >
      boilerplate
    </h1>
    <p>
      react app.
    </p>
    <button
      className="loginBtn loginBtn--google"
    >
      Login with Google
    </button>
  </div>
</div>
`;
